# Copyright (c) Microsoft. All rights reserved.
# Licensed under the MIT license. See LICENSE file in the project root for full license information.

[m0wifi_remote_monitoring]
Target=remote_monitoring.ino
SourcePath=!kits_root!\iot-hub-c-m0wifi-getstartedkit\remote_monitoring
RelativeWorkingDir=\m0wifi_remote_monitoring
CloneURL=https://github.com/Azure-Samples/iot-hub-c-m0wifi-getstartedkit
MaxAllowedDurationSeconds=100
LogLines=300
MinimumHeap=7000
Categories=IoTHub
Hardware=Adafruit_FeatherM0
SerialPort=COM9
CPUParameters=-fqbn=adafruit:samd:adafruit_feather_m0 -ide-version=10805
Build=Enable
Execution=Disable

[m0wifi_command_center]
Target=command_center.ino
SourcePath=!kits_root!\iot-hub-c-m0wifi-getstartedkit\command_center
RelativeWorkingDir=\m0wifi_command_center
CloneURL=https://github.com/Azure-Samples/iot-hub-c-m0wifi-getstartedkit
MaxAllowedDurationSeconds=100
LogLines=300
MinimumHeap=7000
Categories=IoTHub
Hardware=Adafruit_FeatherM0
SerialPort=COM9
CPUParameters=-fqbn=adafruit:samd:adafruit_feather_m0 -ide-version=10805
Build=Enable
Execution=Disable

[m0wifi_simplesample_http]
Target=simplesample_http.ino
SourcePath=!kits_root!\iot-hub-c-m0wifi-getstartedkit\simplesample_http
RelativeWorkingDir=\m0wifi_simplesample_http
CloneURL=""
MaxAllowedDurationSeconds=100
LogLines=300
MinimumHeap=7000
Categories=IoTHub
Hardware=Adafruit_FeatherM0
SerialPort=COM9
CPUParameters=-fqbn=adafruit:samd:adafruit_feather_m0 -ide-version=10805
Build=Disable
Execution=Disable

[m0wifi_simplesample_mqtt]
Target=simplesample_mqtt.ino
SourcePath=!kits_root!\iot-hub-c-m0wifi-getstartedkit\simplesample_mqtt
RelativeWorkingDir=\m0wifi_simplesample_mqtt
CloneURL=""
MaxAllowedDurationSeconds=100
LogLines=300
MinimumHeap=7000
Categories=IoTHub
Hardware=Adafruit_FeatherM0
SerialPort=COM9
CPUParameters=-fqbn=adafruit:samd:adafruit_feather_m0 -ide-version=10805
Build=Disable
Execution=Disable

[End]