# Copyright (c) Microsoft. All rights reserved.
# Licensed under the MIT license. See LICENSE file in the project root for full license information.

[huzzah_remote_monitoring]
Target=remote_monitoring.ino
SourcePath=!kits_root!\iot-hub-c-huzzah-getstartedkit\remote_monitoring
RelativeWorkingDir=\huzzah_remote_monitoring
CloneURL=https://github.com/Azure-Samples/iot-hub-c-huzzah-getstartedkit
MaxAllowedDurationSeconds=100
LogLines=300
MinimumHeap=6400
Categories=IoTHub
Hardware=Adafruit_Huzzah
SerialPort=COM4
CPUParameters=-fqbn=esp8266:esp8266:huzzah:CpuFrequency=80,FlashSize=4M1M,LwIPVariant=v2mss536,Debug=Disabled,DebugLevel=None____,UploadSpeed=115200
Build=Enable
Execution=Enable

[huzzah_device_twin]
Target=device_twin.ino
SourcePath=!kits_root!\iot-hub-c-huzzah-getstartedkit\device_twin
RelativeWorkingDir=\device_twin
CloneURL=https://github.com/Azure-Samples/iot-hub-c-huzzah-getstartedkit
MaxAllowedDurationSeconds=100
LogLines=300
MinimumHeap=6400
Categories=IoTHub
Hardware=Adafruit_Huzzah
SerialPort=COM4
CPUParameters=-fqbn=esp8266:esp8266:huzzah:CpuFrequency=80,FlashSize=4M1M,LwIPVariant=v2mss536,Debug=Disabled,DebugLevel=None____,UploadSpeed=115200
Build=Enable
Execution=Disable

[huzzah_command_center]
Target=command_center.ino
SourcePath=!kits_root!\iot-hub-c-huzzah-getstartedkit\command_center
RelativeWorkingDir=\huzzah_command_center
CloneURL=https://github.com/Azure-Samples/iot-hub-c-huzzah-getstartedkit
MaxAllowedDurationSeconds=100
LogLines=300
MinimumHeap=6400
Categories=IoTHub
Hardware=Adafruit_Huzzah
SerialPort=COM4
CPUParameters=-fqbn=esp8266:esp8266:huzzah:CpuFrequency=80,FlashSize=4M1M,LwIPVariant=v2mss536,Debug=Disabled,DebugLevel=None____,UploadSpeed=115200
Build=Enable
Execution=Disable

[huzzah_simplesample_http]
Target=simplesample_http.ino
SourcePath=!kits_root!\iot-hub-c-huzzah-getstartedkit\simplesample_http
RelativeWorkingDir=\huzzah_simplesample_http
CloneURL=""
MaxAllowedDurationSeconds=100
LogLines=300
MinimumHeap=6400
Categories=IoTHub
Hardware=Adafruit_Huzzah
SerialPort=COM4
CPUParameters=-fqbn=esp8266:esp8266:huzzah:CpuFrequency=80,FlashSize=4M1M,LwIPVariant=v2mss536,Debug=Disabled,DebugLevel=None____,UploadSpeed=115200
Build=Enable
Execution=Disable

[huzzah_simplesample_mqtt]
Target=simplesample_mqtt.ino
SourcePath=!kits_root!\iot-hub-c-huzzah-getstartedkit\simplesample_mqtt
RelativeWorkingDir=\huzzah_simplesample_mqtt
CloneURL=""
MaxAllowedDurationSeconds=100
LogLines=300
MinimumHeap=6400
Categories=IoTHub
Hardware=Adafruit_Huzzah
SerialPort=COM4
CPUParameters=-fqbn=esp8266:esp8266:huzzah:CpuFrequency=80,FlashSize=4M1M,LwIPVariant=v2mss536,Debug=Disabled,DebugLevel=None____,UploadSpeed=115200
Build=Enable
Execution=Disable

[End]